[MSG ERROR] raw.trim is not a function TypeError: raw.trim is not a function
    at adminCmd (C:\Users\green\OneDrive\Documents\Adams World MUD\server.js:5273:19)
    at handleCmd (C:\Users\green\OneDrive\Documents\Adams World MUD\server.js:5430:5)
    at WebSocket.<anonymous> (C:\Users\green\OneDrive\Documents\Adams World MUD\server.js:7047:7)
    at WebSocket.emit (node:events:509:28)
    at Receiver.receiverOnMessage (C:\Users\green\OneDrive\Documents\Adams World MUD\node_modules\ws\lib\websocket.js:1225:20)
    at Receiver.emit (node:events:509:28)
    at Receiver.dataMessage (C:\Users\green\OneDrive\Documents\Adams World MUD\node_modules\ws\lib\receiver.js:596:14)
    at Receiver.getData (C:\Users\green\OneDrive\Documents\Adams World MUD\node_modules\ws\lib\receiver.js:496:10)
    at Receiver.startLoop (C:\Users\green\OneDrive\Documents\Adams World MUD\node_modules\ws\lib\receiver.js:167:16)
    at Receiver._write (C:\Users\green\OneDrive\Documents\Adams World MUD\node_modules\ws\lib\receiver.js:94:10)
[MSG ERROR] raw.trim is not a function TypeError: raw.trim is not a function
    at adminCmd (C:\Users\green\OneDrive\Documents\Adams World MUD\server.js:5273:19)
    at handleCmd (C:\Users\green\OneDrive\Documents\Adams World MUD\server.js:5430:5)
    at WebSocket.<anonymous> (C:\Users\green\OneDrive\Documents\Adams World MUD\server.js:7047:7)
    at WebSocket.emit (node:events:509:28)
    at Receiver.receiverOnMessage (C:\Users\green\OneDrive\Documents\Adams World MUD\node_modules\ws\lib\websocket.js:1225:20)
    at Receiver.emit (node:events:509:28)
    at Receiver.dataMessage (C:\Users\green\OneDrive\Documents\Adams World MUD\node_modules\ws\lib\receiver.js:596:14)
    at Receiver.getData (C:\Users\green\OneDrive\Documents\Adams World MUD\node_modules\ws\lib\receiver.js:496:10)
    at Receiver.startLoop (C:\Users\green\OneDrive\Documents\Adams World MUD\node_modules\ws\lib\receiver.js:167:16)
    at Receiver._write (C:\Users\green\OneDrive\Documents\Adams World MUD\node_modules\ws\lib\receiver.js:94:10)
